============================= test session starts =============================
platform win32 -- Python 3.13.12, pytest-9.0.2, pluggy-1.6.0
rootdir: C:\Server\stacks\BookLoreSync-plugin
plugins: anyio-4.12.1
collected 0 items

============================ no tests ran in 0.01s ============================
