--- STARTING TESTS ---
Running test_getBooksInShelf_returns_two_values...
  [OK] Success returns (true, table)
  [OK] Failure returns (false, string)
  [OK] Single variable captures only first return (boolean)
Running test_pending_session_promotion...
  [OK] Session moved to historical on success
  [OK] Session stays in pending on failure
Running test_notifyBookloreOnDeletion_payload...
  [OK] Payload format is correct
Running test_file_logger_rotation...
  [OK] Logger keeps exactly 3 newest files
--- ALL TESTS COMPLETE ---
